Archive member included to satisfy reference by file (symbol)

esp-idf/bootloader_support/libbootloader_support.a(bootloader_panic.c.obj)
                              (__assert_func)
esp-idf/main/libmain.a(bootloader_start.c.obj)
                              (call_start_cpu0)
esp-idf/bootloader_support/libbootloader_support.a(bootloader_utility.c.obj)
                              esp-idf/main/libmain.a(bootloader_start.c.obj) (bootloader_utility_load_partition_table)
esp-idf/bootloader_support/libbootloader_support.a(flash_partitions.c.obj)
                              esp-idf/bootloader_support/libbootloader_support.a(bootloader_utility.c.obj) (esp_partition_table_verify)
esp-idf/bootloader_support/libbootloader_support.a(esp_image_format.c.obj)
                              esp-idf/bootloader_support/libbootloader_support.a(bootloader_utility.c.obj) (bootloader_load_image)
esp-idf/bootloader_support/libbootloader_support.a(bootloader_console_loader.c.obj)
                              esp-idf/bootloader_support/libbootloader_support.a(bootloader_utility.c.obj) (bootloader_console_deinit)
esp-idf/bootloader_support/libbootloader_support.a(bootloader_sha.c.obj)
                              esp-idf/bootloader_support/libbootloader_support.a(bootloader_utility.c.obj) (bootloader_sha256_start)
esp-idf/bootloader_support/libbootloader_support.a(bootloader_soc.c.obj)
                              esp-idf/bootloader_support/libbootloader_support.a(bootloader_utility.c.obj) (bootloader_ana_clock_glitch_reset_config)
esp-idf/bootloader_support/libbootloader_support.a(bootloader_esp32h2.c.obj)
                              esp-idf/main/libmain.a(bootloader_start.c.obj) (bootloader_init)
esp-idf/bootloader_support/libbootloader_support.a(bootloader_common_loader.c.obj)
                              esp-idf/bootloader_support/libbootloader_support.a(bootloader_utility.c.obj) (bootloader_common_ota_select_crc)
esp-idf/bootloader_support/libbootloader_support.a(bootloader_clock_init.c.obj)
                              esp-idf/bootloader_support/libbootloader_support.a(bootloader_esp32h2.c.obj) (bootloader_clock_configure)
esp-idf/bootloader_support/libbootloader_support.a(bootloader_mem.c.obj)
                              esp-idf/bootloader_support/libbootloader_support.a(bootloader_esp32h2.c.obj) (bootloader_init_mem)
esp-idf/bootloader_support/libbootloader_support.a(bootloader_random.c.obj)
                              esp-idf/bootloader_support/libbootloader_support.a(esp_image_format.c.obj) (bootloader_fill_random)
esp-idf/bootloader_support/libbootloader_support.a(bootloader_random_esp32h2.c.obj)
                              esp-idf/bootloader_support/libbootloader_support.a(bootloader_utility.c.obj) (bootloader_random_disable)
esp-idf/bootloader_support/libbootloader_support.a(flash_encrypt.c.obj)
                              esp-idf/bootloader_support/libbootloader_support.a(bootloader_utility.c.obj) (esp_flash_encryption_enabled)
esp-idf/bootloader_support/libbootloader_support.a(bootloader_flash.c.obj)
                              esp-idf/bootloader_support/libbootloader_support.a(bootloader_utility.c.obj) (bootloader_mmap_get_free_pages)
esp-idf/bootloader_support/libbootloader_support.a(bootloader_flash_config_esp32h2.c.obj)
                              esp-idf/bootloader_support/libbootloader_support.a(bootloader_esp32h2.c.obj) (bootloader_flash_update_id)
esp-idf/bootloader_support/libbootloader_support.a(bootloader_init.c.obj)
                              esp-idf/bootloader_support/libbootloader_support.a(bootloader_esp32h2.c.obj) (bootloader_clear_bss_section)
esp-idf/bootloader_support/libbootloader_support.a(bootloader_console.c.obj)
                              esp-idf/bootloader_support/libbootloader_support.a(bootloader_esp32h2.c.obj) (bootloader_console_init)
esp-idf/efuse/libefuse.a(esp_efuse_table.c.obj)
                              esp-idf/bootloader_support/libbootloader_support.a(flash_encrypt.c.obj) (ESP_EFUSE_DIS_DIRECT_BOOT)
esp-idf/efuse/libefuse.a(esp_efuse_fields.c.obj)
                              esp-idf/bootloader_support/libbootloader_support.a(flash_encrypt.c.obj) (esp_efuse_enable_rom_secure_download_mode)
esp-idf/efuse/libefuse.a(esp_efuse_api.c.obj)
                              esp-idf/bootloader_support/libbootloader_support.a(flash_encrypt.c.obj) (esp_efuse_read_field_blob)
esp-idf/efuse/libefuse.a(esp_efuse_utility.c.obj)
                              esp-idf/efuse/libefuse.a(esp_efuse_api.c.obj) (esp_efuse_utility_process)
esp-idf/efuse/libefuse.a(esp_efuse_api_key.c.obj)
                              esp-idf/bootloader_support/libbootloader_support.a(flash_encrypt.c.obj) (esp_efuse_get_key_dis_read)
esp-idf/efuse/libefuse.a(esp_efuse_utility.c.obj)
                              esp-idf/efuse/libefuse.a(esp_efuse_utility.c.obj) (esp_efuse_utility_clear_program_registers)
esp-idf/esp_hw_support/libesp_hw_support.a(cpu_region_protect.c.obj)
[...]
Memory Configuration

Name             Origin             Length             Attributes
iram_seg         0x000000004083cfd0 0x0000000000002000 xrw
iram_loader_seg  0x000000004083efd0 0x0000000000007000 xrw
dram_seg         0x0000000040845fd0 0x0000000000005000 rw
*default*        0x0000000000000000 0xffffffffffffffff

Linker script and memory map

                0x0000000000000000                IDF_TARGET_ESP32H2 = 0x0
LOAD CMakeFiles/bootloader.elf.dir/project_elf_src_esp32h2.c.obj
LOAD esp-idf/soc/libsoc.a
LOAD esp-idf/micro-ecc/libmicro-ecc.a
LOAD esp-idf/hal/libhal.a
LOAD esp-idf/spi_flash/libspi_flash.a
LOAD esp-idf/esp_app_format/libesp_app_format.a
LOAD esp-idf/bootloader_support/libbootloader_support.a
LOAD esp-idf/efuse/libefuse.a
LOAD esp-idf/esp_system/libesp_system.a
LOAD esp-idf/esp_hw_support/libesp_hw_support.a
LOAD esp-idf/esp_common/libesp_common.a
LOAD esp-idf/esp_rom/libesp_rom.a
LOAD esp-idf/log/liblog.a
LOAD esp-idf/main/libmain.a
LOAD esp-idf/soc/libsoc.a
LOAD esp-idf/micro-ecc/libmicro-ecc.a
LOAD esp-idf/hal/libhal.a
LOAD esp-idf/spi_flash/libspi_flash.a
LOAD esp-idf/esp_app_format/libesp_app_format.a
LOAD esp-idf/bootloader_support/libbootloader_support.a
LOAD esp-idf/efuse/libefuse.a
LOAD esp-idf/esp_system/libesp_system.a
LOAD esp-idf/esp_hw_support/libesp_hw_support.a
LOAD esp-idf/esp_common/libesp_common.a
LOAD esp-idf/esp_rom/libesp_rom.a
LOAD esp-idf/log/liblog.a
LOAD esp-idf/soc/libsoc.a
LOAD esp-idf/micro-ecc/libmicro-ecc.a
LOAD esp-idf/hal/libhal.a
LOAD esp-idf/spi_flash/libspi_flash.a
LOAD esp-idf/esp_app_format/libesp_app_format.a
LOAD esp-idf/bootloader_support/libbootloader_support.a
LOAD esp-idf/efuse/libefuse.a
LOAD esp-idf/esp_system/libesp_system.a
LOAD esp-idf/esp_hw_support/libesp_hw_support.a
LOAD esp-idf/esp_common/libesp_common.a
LOAD esp-idf/esp_rom/libesp_rom.a
LOAD esp-idf/log/liblog.a
LOAD esp-idf/soc/libsoc.a
LOAD esp-idf/micro-ecc/libmicro-ecc.a
LOAD esp-idf/hal/libhal.a
LOAD esp-idf/spi_flash/libspi_flash.a
LOAD esp-idf/esp_app_format/libesp_app_format.a
LOAD esp-idf/bootloader_support/libbootloader_support.a
LOAD esp-idf/efuse/libefuse.a
LOAD esp-idf/esp_system/libesp_system.a
LOAD esp-idf/esp_hw_support/libesp_hw_support.a
LOAD esp-idf/esp_common/libesp_common.a
LOAD esp-idf/esp_rom/libesp_rom.a
LOAD esp-idf/log/liblog.a
LOAD esp-idf/soc/libsoc.a
LOAD esp-idf/micro-ecc/libmicro-ecc.a
LOAD esp-idf/hal/libhal.a
LOAD esp-idf/spi_flash/libspi_flash.a
LOAD esp-idf/esp_app_format/libesp_app_format.a
LOAD esp-idf/bootloader_support/libbootloader_support.a
LOAD esp-idf/efuse/libefuse.a
LOAD esp-idf/esp_system/libesp_system.a
LOAD esp-idf/esp_hw_support/libesp_hw_support.a
LOAD esp-idf/esp_common/libesp_common.a
LOAD esp-idf/esp_rom/libesp_rom.a
LOAD esp-idf/log/liblog.a
LOAD c:/users/alex/.espressif/tools/riscv32-esp-elf/esp-12.2.0_20230208/riscv32-esp-elf/bin/../lib/gcc/riscv32-esp-elf/12.2.0/rv32imac_zicsr_zifencei/ilp32/no-rtti\libgcc.a
LOAD c:/users/alex/.espressif/tools/riscv32-esp-elf/esp-12.2.0_20230208/riscv32-esp-elf/bin/../lib/gcc/riscv32-esp-elf/12.2.0/../../../../riscv32-esp-elf/lib/rv32imac_zicsr_zifencei/ilp32/no-rtti\libc.a
LOAD c:/users/alex/.espressif/tools/riscv32-esp-elf/esp-12.2.0_20230208/riscv32-esp-elf/bin/../lib/gcc/riscv32-esp-elf/12.2.0/../../../../riscv32-esp-elf/lib/rv32imac_zicsr_zifencei/ilp32/no-rtti\libnosys.a
LOAD c:/users/alex/.espressif/tools/riscv32-esp-elf/esp-12.2.0_20230208/riscv32-esp-elf/bin/../lib/gcc/riscv32-esp-elf/12.2.0/../../../../riscv32-esp-elf/lib/rv32imac_zicsr_zifencei/ilp32/no-rtti\libc.a
LOAD c:/users/alex/.espressif/tools/riscv32-esp-elf/esp-12.2.0_20230208/riscv32-esp-elf/bin/../lib/gcc/riscv32-esp-elf/12.2.0/rv32imac_zicsr_zifencei/ilp32/no-rtti\libgcc.a
START GROUP
LOAD c:/users/alex/.espressif/tools/riscv32-esp-elf/esp-12.2.0_20230208/riscv32-esp-elf/bin/../lib/gcc/riscv32-esp-elf/12.2.0/rv32imac_zicsr_zifencei/ilp32/no-rtti\libgcc.a
LOAD c:/users/alex/.espressif/tools/riscv32-esp-elf/esp-12.2.0_20230208/riscv32-esp-elf/bin/../lib/gcc/riscv32-esp-elf/12.2.0/../../../../riscv32-esp-elf/lib/rv32imac_zicsr_zifencei/ilp32/no-rtti\libc.a
LOAD c:/users/alex/.espressif/tools/riscv32-esp-elf/esp-12.2.0_20230208/riscv32-esp-elf/bin/../lib/gcc/riscv32-esp-elf/12.2.0/../../../../riscv32-esp-elf/lib/rv32imac_zicsr_zifencei/ilp32/no-rtti\libnosys.a
END GROUP
                0x0000000040000018                rtc_get_reset_reason = 0x40000018
                0x000000004000001c                analog_super_wdt_reset_happened = 0x4000001c
                0x0000000040000020                rtc_get_wakeup_cause = 0x40000020
                0x0000000040000024                rtc_unhold_all_pads = 0x40000024
                0x0000000040000028                ets_printf = 0x40000028
                0x000000004000002c                ets_install_putc1 = 0x4000002c
                0x0000000040000030                ets_install_putc2 = 0x40000030
                0x0000000040000034                ets_install_uart_printf = 0x40000034
                0x0000000040000038                ets_install_usb_printf = 0x40000038
                0x000000004000003c                ets_get_printf_channel = 0x4000003c
                0x0000000040000040                ets_delay_us = 0x40000040
                0x0000000040000044                ets_get_cpu_frequency = 0x40000044
                0x0000000040000048                ets_update_cpu_frequency = 0x40000048
                0x000000004000004c                ets_install_lock = 0x4000004c
                0x0000000040000050                UartRxString = 0x40000050
                0x0000000040000054                UartGetCmdLn = 0x40000054
                0x0000000040000058                uart_tx_one_char = 0x40000058
                0x000000004000005c                uart_tx_one_char2 = 0x4000005c
                0x0000000040000060                uart_rx_one_char = 0x40000060
                0x0000000040000064                uart_rx_one_char_block = 0x40000064
                0x0000000040000068                uart_rx_intr_handler = 0x40000068
                0x000000004000006c                uart_rx_readbuff = 0x4000006c
                0x0000000040000070                uartAttach = 0x40000070
                0x0000000040000074                uart_tx_flush = 0x40000074
                0x0000000040000078                uart_tx_wait_idle = 0x40000078
                0x000000004000007c                uart_div_modify = 0x4000007c
                0x0000000040000080                ets_write_char_uart = 0x40000080
                0x0000000040000084                uart_tx_switch = 0x40000084
                0x0000000040000088                roundup2 = 0x40000088
                0x000000004000008c                multofup = 0x4000008c
                0x0000000040000090                software_reset = 0x40000090
                0x0000000040000094                software_reset_cpu = 0x40000094
                0x0000000040000098                ets_clk_assist_debug_clock_enable = 0x40000098
                0x000000004000009c                clear_super_wdt_reset_flag = 0x4000009c
                0x00000000400000a0                disable_default_watchdog = 0x400000a0
                0x00000000400000a4                esp_rom_set_rtc_wake_addr = 0x400000a4
                0x00000000400000a8                esp_rom_get_rtc_wake_addr = 0x400000a8
                0x00000000400000ac                send_packet = 0x400000ac
                0x00000000400000b0                recv_packet = 0x400000b0
                0x00000000400000b4                GetUartDevice = 0x400000b4
                0x00000000400000b8                UartDwnLdProc = 0x400000b8
                0x00000000400000bc                GetSecurityInfoProc = 0x400000bc
                0x00000000400000c0                Uart_Init = 0x400000c0
                0x00000000400000c4                ets_set_user_start = 0x400000c4
                0x000000004001fffc                ets_rom_layout_p = 0x4001fffc
                0x000000004084fff8                ets_ops_table_ptr = 0x4084fff8
                0x000000004084fffc                g_saved_pc = 0x4084fffc
                0x00000000400000c8                mz_adler32 = 0x400000c8
                0x00000000400000cc                mz_free = 0x400000cc
                0x00000000400000d0                tdefl_compress = 0x400000d0
                0x00000000400000d4                tdefl_compress_buffer = 0x400000d4
                0x00000000400000d8                tdefl_compress_mem_to_heap = 0x400000d8
                0x00000000400000dc                tdefl_compress_mem_to_mem = 0x400000dc
                0x00000000400000e0                tdefl_compress_mem_to_output = 0x400000e0
                0x00000000400000e4                tdefl_get_adler32 = 0x400000e4
                0x00000000400000e8                tdefl_get_prev_return_status = 0x400000e8
                0x00000000400000ec                tdefl_init = 0x400000ec
                0x00000000400000f0                tdefl_write_image_to_png_file_in_memory = 0x400000f0
                0x00000000400000f4                tdefl_write_image_to_png_file_in_memory_ex = 0x400000f4
                0x00000000400000f8                tinfl_decompress = 0x400000f8
                0x00000000400000fc                tinfl_decompress_mem_to_callback = 0x400000fc
                0x0000000040000100                tinfl_decompress_mem_to_heap = 0x40000100
                0x0000000040000104                tinfl_decompress_mem_to_mem = 0x40000104
                0x0000000040000108                esp_rom_spiflash_wait_idle = 0x40000108
                0x000000004000010c                esp_rom_spiflash_write_encrypted = 0x4000010c
                0x0000000040000110                esp_rom_spiflash_write_encrypted_dest = 0x40000110
                0x0000000040000114                esp_rom_spiflash_write_encrypted_enable = 0x40000114
                0x0000000040000118                esp_rom_spiflash_write_encrypted_disable = 0x40000118
                0x000000004000011c                esp_rom_spiflash_erase_chip = 0x4000011c
                0x0000000040000120                _esp_rom_spiflash_erase_sector = 0x40000120
                0x0000000040000124                _esp_rom_spiflash_erase_block = 0x40000124
                0x0000000040000128                _esp_rom_spiflash_write = 0x40000128
                0x000000004000012c                _esp_rom_spiflash_read = 0x4000012c
                0x0000000040000130                _esp_rom_spiflash_unlock = 0x40000130
                0x0000000040000134                _SPIEraseArea = 0x40000134
                0x0000000040000138                _SPI_write_enable = 0x40000138
                0x000000004000013c                esp_rom_spiflash_erase_sector = 0x4000013c
                0x0000000040000140                esp_rom_spiflash_erase_block = 0x40000140
                0x0000000040000144                esp_rom_spiflash_write = 0x40000144
                0x0000000040000148                esp_rom_spiflash_read = 0x40000148
                0x000000004000014c                esp_rom_spiflash_unlock = 0x4000014c
                0x0000000040000150                SPIEraseArea = 0x40000150
                0x0000000040000154                SPI_write_enable = 0x40000154
                0x0000000040000158                esp_rom_spiflash_config_param = 0x40000158
                0x000000004000015c                esp_rom_spiflash_read_user_cmd = 0x4000015c
                0x0000000040000160                esp_rom_spiflash_select_qio_pins = 0x40000160
                0x0000000040000164                esp_rom_spi_flash_auto_sus_res = 0x40000164
                0x0000000040000168                esp_rom_spi_flash_send_resume = 0x40000168
                0x000000004000016c                esp_rom_spi_flash_update_id = 0x4000016c
                0x0000000040000170                esp_rom_spiflash_config_clk = 0x40000170
                0x0000000040000174                esp_rom_spiflash_config_readmode = 0x40000174
                0x0000000040000178                esp_rom_spiflash_read_status = 0x40000178
                0x000000004000017c                esp_rom_spiflash_read_statushigh = 0x4000017c
                0x0000000040000180                esp_rom_spiflash_write_status = 0x40000180
                0x0000000040000184                spi_cache_mode_switch = 0x40000184
                0x0000000040000188                spi_common_set_dummy_output = 0x40000188
                0x000000004000018c                spi_common_set_flash_cs_timing = 0x4000018c
                0x0000000040000190                esp_rom_spi_set_address_bit_len = 0x40000190
                0x0000000040000194                SPILock = 0x40000194
                0x0000000040000198                SPIMasterReadModeCnfig = 0x40000198
                0x000000004000019c                SPI_Common_Command = 0x4000019c
                0x00000000400001a0                SPI_WakeUp = 0x400001a0
                0x00000000400001a4                SPI_block_erase = 0x400001a4
                0x00000000400001a8                SPI_chip_erase = 0x400001a8
                0x00000000400001ac                SPI_init = 0x400001ac
                0x00000000400001b0                SPI_page_program = 0x400001b0
                0x00000000400001b4                SPI_read_data = 0x400001b4
                0x00000000400001b8                SPI_sector_erase = 0x400001b8
                0x00000000400001bc                SelectSpiFunction = 0x400001bc
                0x00000000400001c0                SetSpiDrvs = 0x400001c0
                0x00000000400001c4                Wait_SPI_Idle = 0x400001c4
                0x00000000400001c8                spi_dummy_len_fix = 0x400001c8
                0x00000000400001cc                Disable_QMode = 0x400001cc
                0x00000000400001d0                Enable_QMode = 0x400001d0
                0x00000000400001d4                spi_flash_attach = 0x400001d4
                0x00000000400001d8                spi_flash_get_chip_size = 0x400001d8
                0x00000000400001dc                spi_flash_guard_set = 0x400001dc
                0x00000000400001e0                spi_flash_guard_get = 0x400001e0
                0x00000000400001e4                spi_flash_read_encrypted = 0x400001e4
                0x000000004084fff0                rom_spiflash_legacy_funcs = 0x4084fff0
                0x000000004084ffec                rom_spiflash_legacy_data = 0x4084ffec
                0x000000004084fff4                g_flash_guard_ops = 0x4084fff4
                0x0000000040000270                esp_rom_spiflash_write_disable = 0x40000270
                0x00000000400003c0                systimer_hal_set_tick_rate_ops = 0x400003c0
                0x00000000400003c4                systimer_hal_get_counter_value = 0x400003c4
                0x00000000400003c8                systimer_hal_get_time = 0x400003c8
                0x00000000400003cc                systimer_hal_set_alarm_target = 0x400003cc
                0x00000000400003d0                systimer_hal_set_alarm_period = 0x400003d0
                0x00000000400003d4                systimer_hal_get_alarm_value = 0x400003d4
                0x00000000400003d8                systimer_hal_enable_alarm_int = 0x400003d8
                0x00000000400003dc                systimer_hal_on_apb_freq_update = 0x400003dc
                0x00000000400003e0                systimer_hal_counter_value_advance = 0x400003e0
                0x00000000400003e4                systimer_hal_enable_counter = 0x400003e4
                0x00000000400003e8                systimer_hal_select_alarm_mode = 0x400003e8
                0x00000000400003ec                systimer_hal_connect_alarm_counter = 0x400003ec
                0x00000000400003f0                systimer_hal_counter_can_stall_by_cpu = 0x400003f0
                0x00000000400005fc                Cache_Get_ICache_Line_Size = 0x400005fc
                0x0000000040000600                Cache_Get_Mode = 0x40000600
                0x0000000040000604                Cache_Address_Through_Cache = 0x40000604
                0x0000000040000608                ROM_Boot_Cache_Init = 0x40000608
                0x000000004000060c                MMU_Set_Page_Mode = 0x4000060c
                0x0000000040000610                MMU_Get_Page_Mode = 0x40000610
                0x0000000040000614                Cache_Invalidate_ICache_Items = 0x40000614
                0x0000000040000618                Cache_Op_Addr = 0x40000618
                0x000000004000061c                Cache_Invalidate_Addr = 0x4000061c
                0x0000000040000620                Cache_Invalidate_ICache_All = 0x40000620
                0x0000000040000624                Cache_Mask_All = 0x40000624
                0x0000000040000628                Cache_UnMask_Dram0 = 0x40000628
                0x000000004000062c                Cache_Suspend_ICache_Autoload = 0x4000062c
                0x0000000040000630                Cache_Resume_ICache_Autoload = 0x40000630
                0x0000000040000634                Cache_Start_ICache_Preload = 0x40000634
                0x0000000040000638                Cache_ICache_Preload_Done = 0x40000638
                0x000000004000063c                Cache_End_ICache_Preload = 0x4000063c
                0x0000000040000640                Cache_Config_ICache_Autoload = 0x40000640
                0x0000000040000644                Cache_Enable_ICache_Autoload = 0x40000644
                0x0000000040000648                Cache_Disable_ICache_Autoload = 0x40000648
                0x000000004000064c                Cache_Enable_ICache_PreLock = 0x4000064c
                0x0000000040000650                Cache_Disable_ICache_PreLock = 0x40000650
                0x0000000040000654                Cache_Lock_ICache_Items = 0x40000654
                0x0000000040000658                Cache_Unlock_ICache_Items = 0x40000658
                0x000000004000065c                Cache_Lock_Addr = 0x4000065c
                0x0000000040000660                Cache_Unlock_Addr = 0x40000660
                0x0000000040000664                Cache_Disable_ICache = 0x40000664
                0x0000000040000668                Cache_Enable_ICache = 0x40000668
                0x000000004000066c                Cache_Suspend_ICache = 0x4000066c
                0x0000000040000670                Cache_Resume_ICache = 0x40000670
                0x0000000040000674                Cache_Freeze_ICache_Enable = 0x40000674
                0x0000000040000678                Cache_Freeze_ICache_Disable = 0x40000678
                0x000000004000067c                Cache_Set_IDROM_MMU_Size = 0x4000067c
                0x0000000040000680                Cache_Get_IROM_MMU_End = 0x40000680
                0x0000000040000684                Cache_Get_DROM_MMU_End = 0x40000684
                0x0000000040000688                Cache_MMU_Init = 0x40000688
                0x000000004000068c                Cache_MSPI_MMU_Set = 0x4000068c
                0x0000000040000690                Cache_Travel_Tag_Memory = 0x40000690
                0x0000000040000694                Cache_Get_Virtual_Addr = 0x40000694
                0x000000004084ffcc                rom_cache_op_cb = 0x4084ffcc
                0x000000004084ffc8                rom_cache_internal_table_ptr = 0x4084ffc8
                0x0000000040000698                ets_clk_get_xtal_freq = 0x40000698
                0x000000004000069c                ets_clk_get_cpu_freq = 0x4000069c
                0x00000000400006a0                gpio_input_get = 0x400006a0
                0x00000000400006a4                gpio_matrix_in = 0x400006a4
                0x00000000400006a8                gpio_matrix_out = 0x400006a8
                0x00000000400006ac                gpio_output_disable = 0x400006ac
                0x00000000400006b0                gpio_output_enable = 0x400006b0
                0x00000000400006b4                gpio_output_set = 0x400006b4
                0x00000000400006b8                gpio_pad_hold = 0x400006b8
                0x00000000400006bc                gpio_pad_input_disable = 0x400006bc
                0x00000000400006c0                gpio_pad_input_enable = 0x400006c0
                0x00000000400006c4                gpio_pad_pulldown = 0x400006c4
                0x00000000400006c8                gpio_pad_pullup = 0x400006c8
                0x00000000400006cc                gpio_pad_select_gpio = 0x400006cc
                0x00000000400006d0                gpio_pad_set_drv = 0x400006d0
                0x00000000400006d4                gpio_pad_unhold = 0x400006d4
                0x00000000400006d8                gpio_pin_wakeup_disable = 0x400006d8
                0x00000000400006dc                gpio_pin_wakeup_enable = 0x400006dc
                0x00000000400006e0                gpio_bypass_matrix_in = 0x400006e0
                0x00000000400006e4                esprv_intc_int_set_priority = 0x400006e4
                0x00000000400006e8                esprv_intc_int_set_threshold = 0x400006e8
                0x00000000400006ec                esprv_intc_int_enable = 0x400006ec
                0x00000000400006f0                esprv_intc_int_disable = 0x400006f0
                0x00000000400006f4                esprv_intc_int_set_type = 0x400006f4
                [!provide]                        PROVIDE (intr_handler_set = 0x400006f8)
                0x00000000400006fc                intr_matrix_set = 0x400006fc
                0x0000000040000700                ets_intr_lock = 0x40000700
                0x0000000040000704                ets_intr_unlock = 0x40000704
                0x0000000040000708                ets_isr_attach = 0x40000708
                0x000000004000070c                ets_isr_mask = 0x4000070c
                0x0000000040000710                ets_isr_unmask = 0x40000710
                0x0000000040000714                md5_vector = 0x40000714
                0x0000000040000718                MD5Init = 0x40000718
                0x000000004000071c                MD5Update = 0x4000071c
                0x0000000040000720                MD5Final = 0x40000720
                0x0000000040000724                crc32_le = 0x40000724
                0x0000000040000728                crc16_le = 0x40000728
                0x000000004000072c                crc8_le = 0x4000072c
                0x0000000040000730                crc32_be = 0x40000730
                0x0000000040000734                crc16_be = 0x40000734
                0x0000000040000738                crc8_be = 0x40000738
                0x000000004000073c                esp_crc8 = 0x4000073c
                0x0000000040000740                ets_sha_enable = 0x40000740
                0x0000000040000744                ets_sha_disable = 0x40000744
                0x0000000040000748                ets_sha_get_state = 0x40000748
                0x000000004000074c                ets_sha_init = 0x4000074c
                0x0000000040000750                ets_sha_process = 0x40000750
                0x0000000040000754                ets_sha_starts = 0x40000754
                0x0000000040000758                ets_sha_update = 0x40000758
                0x000000004000075c                ets_sha_finish = 0x4000075c
                0x0000000040000760                ets_sha_clone = 0x40000760
                0x0000000040000764                ets_hmac_enable = 0x40000764
                0x0000000040000768                ets_hmac_disable = 0x40000768
                0x000000004000076c                ets_hmac_calculate_message = 0x4000076c
                0x0000000040000770                ets_hmac_calculate_downstream = 0x40000770
                0x0000000040000774                ets_hmac_invalidate_downstream = 0x40000774
                0x0000000040000778                ets_jtag_enable_temporarily = 0x40000778
                0x000000004000077c                ets_aes_enable = 0x4000077c
                0x0000000040000780                ets_aes_disable = 0x40000780
                0x0000000040000784                ets_aes_setkey = 0x40000784
                0x0000000040000788                ets_aes_block = 0x40000788
                0x000000004000078c                ets_aes_setkey_dec = 0x4000078c
                0x0000000040000790                ets_aes_setkey_enc = 0x40000790
                0x0000000040000794                ets_bigint_enable = 0x40000794
                0x0000000040000798                ets_bigint_disable = 0x40000798
                0x000000004000079c                ets_bigint_multiply = 0x4000079c
                0x00000000400007a0                ets_bigint_modmult = 0x400007a0
                0x00000000400007a4                ets_bigint_modexp = 0x400007a4
                0x00000000400007a8                ets_bigint_wait_finish = 0x400007a8
                0x00000000400007ac                ets_bigint_getz = 0x400007ac
                0x00000000400007b0                ets_ds_enable = 0x400007b0
                0x00000000400007b4                ets_ds_disable = 0x400007b4
                0x00000000400007b8                ets_ds_start_sign = 0x400007b8
                0x00000000400007bc                ets_ds_is_busy = 0x400007bc
                0x00000000400007c0                ets_ds_finish_sign = 0x400007c0
                0x00000000400007c4                ets_ds_encrypt_params = 0x400007c4
                0x00000000400007c8                ets_mgf1_sha256 = 0x400007c8
                0x000000004001fff8                crc32_le_table_ptr = 0x4001fff8
                0x000000004001fff4                crc16_le_table_ptr = 0x4001fff4
                0x000000004001fff0                crc8_le_table_ptr = 0x4001fff0
                0x000000004001ffec                crc32_be_table_ptr = 0x4001ffec
                0x000000004001ffe8                crc16_be_table_ptr = 0x4001ffe8
                0x000000004001ffe4                crc8_be_table_ptr = 0x4001ffe4
                0x00000000400007cc                ets_efuse_read = 0x400007cc
                0x00000000400007d0                ets_efuse_program = 0x400007d0
                0x00000000400007d4                ets_efuse_clear_program_registers = 0x400007d4
                0x00000000400007d8                ets_efuse_write_key = 0x400007d8
                0x00000000400007dc                ets_efuse_get_read_register_address = 0x400007dc
                0x00000000400007e0                ets_efuse_get_key_purpose = 0x400007e0
                0x00000000400007e4                ets_efuse_key_block_unused = 0x400007e4
                0x00000000400007e8                ets_efuse_find_unused_key_block = 0x400007e8
                0x00000000400007ec                ets_efuse_rs_calculate = 0x400007ec
                0x00000000400007f0                ets_efuse_count_unused_key_blocks = 0x400007f0
                0x00000000400007f4                ets_efuse_secure_boot_enabled = 0x400007f4
                0x00000000400007f8                ets_efuse_secure_boot_aggressive_revoke_enabled = 0x400007f8
                0x00000000400007fc                ets_efuse_cache_encryption_enabled = 0x400007fc
                0x0000000040000800                ets_efuse_download_modes_disabled = 0x40000800
                0x0000000040000804                ets_efuse_find_purpose = 0x40000804
                0x0000000040000808                ets_efuse_force_send_resume = 0x40000808
                0x000000004000080c                ets_efuse_get_flash_delay_us = 0x4000080c
                0x0000000040000810                ets_efuse_get_mac = 0x40000810
                0x0000000040000814                ets_efuse_get_uart_print_control = 0x40000814
                0x0000000040000818                ets_efuse_direct_boot_mode_disabled = 0x40000818
                0x000000004000081c                ets_efuse_security_download_modes_enabled = 0x4000081c
                0x0000000040000820                ets_efuse_jtag_disabled = 0x40000820
                0x0000000040000824                ets_efuse_usb_print_is_disabled = 0x40000824
                0x0000000040000828                ets_efuse_usb_download_mode_disabled = 0x40000828
                0x000000004000082c                ets_efuse_usb_device_disabled = 0x4000082c
                0x0000000040000830                ets_efuse_secure_boot_fast_wake_enabled = 0x40000830
                0x0000000040000834                ets_emsa_pss_verify = 0x40000834
                0x0000000040000838                ets_rsa_pss_verify = 0x40000838
                0x000000004000083c                ets_ecdsa_verify = 0x4000083c
                0x0000000040000840                ets_secure_boot_verify_bootloader_with_keys = 0x40000840
                0x0000000040000844                ets_secure_boot_verify_signature = 0x40000844
                0x0000000040000848                ets_secure_boot_read_key_digests = 0x40000848
                0x000000004000084c                ets_secure_boot_revoke_public_key_digest = 0x4000084c
                0x00000000400009c0                usb_serial_device_rx_one_char = 0x400009c0
                0x00000000400009c4                usb_serial_device_rx_one_char_block = 0x400009c4
                0x00000000400009c8                usb_serial_device_tx_flush = 0x400009c8
                0x00000000400009cc                usb_serial_device_tx_one_char = 0x400009cc
                0x0000000040000724                PROVIDE (esp_rom_crc32_le = crc32_le)
                [!provide]                        PROVIDE (esp_rom_crc16_le = crc16_le)
                [!provide]                        PROVIDE (esp_rom_crc8_le = crc8_le)
                [!provide]                        PROVIDE (esp_rom_crc32_be = crc32_be)
                [!provide]                        PROVIDE (esp_rom_crc16_be = crc16_be)
                [!provide]                        PROVIDE (esp_rom_crc8_be = crc8_be)
                [!provide]                        PROVIDE (esp_rom_gpio_pad_select_gpio = gpio_pad_select_gpio)
                [!provide]                        PROVIDE (esp_rom_gpio_pad_pullup_only = gpio_pad_pullup)
                0x00000000400006d0                PROVIDE (esp_rom_gpio_pad_set_drv = gpio_pad_set_drv)
                [!provide]                        PROVIDE (esp_rom_gpio_pad_unhold = gpio_pad_unhold)
                [!provide]                        PROVIDE (esp_rom_gpio_connect_in_signal = gpio_matrix_in)
                [!provide]                        PROVIDE (esp_rom_gpio_connect_out_signal = gpio_matrix_out)
                [!provide]                        PROVIDE (esp_rom_efuse_mac_address_crc8 = esp_crc8)
                [!provide]                        PROVIDE (esp_rom_efuse_is_secure_boot_enabled = ets_efuse_secure_boot_enabled)
                0x0000000040000074                PROVIDE (esp_rom_uart_flush_tx = uart_tx_flush)
                [!provide]                        PROVIDE (esp_rom_uart_tx_one_char = uart_tx_one_char2)
                0x0000000040000078                PROVIDE (esp_rom_uart_tx_wait_idle = uart_tx_wait_idle)
                [!provide]                        PROVIDE (esp_rom_uart_rx_one_char = uart_rx_one_char)
                [!provide]                        PROVIDE (esp_rom_uart_rx_string = UartRxString)
                [!provide]                        PROVIDE (esp_rom_uart_set_as_console = uart_tx_switch)
                [!provide]                        PROVIDE (esp_rom_uart_putc = ets_write_char_uart)
                0x0000000040000718                PROVIDE (esp_rom_md5_init = MD5Init)
                0x000000004000071c                PROVIDE (esp_rom_md5_update = MD5Update)
                0x0000000040000720                PROVIDE (esp_rom_md5_final = MD5Final)
                0x0000000040000090                PROVIDE (esp_rom_software_reset_system = software_reset)
                [!provide]                        PROVIDE (esp_rom_software_reset_cpu = software_reset_cpu)
                0x0000000040000028                PROVIDE (esp_rom_printf = ets_printf)
                0x0000000040000034                PROVIDE (esp_rom_install_uart_printf = ets_install_uart_printf)
                0x0000000040000040                PROVIDE (esp_rom_delay_us = ets_delay_us)
                0x0000000040000018                PROVIDE (esp_rom_get_reset_reason = rtc_get_reset_reason)
                [!provide]                        PROVIDE (esp_rom_route_intr_matrix = intr_matrix_set)
                0x0000000040000044                PROVIDE (esp_rom_get_cpu_ticks_per_us = ets_get_cpu_frequency)
                0x0000000040000048                PROVIDE (esp_rom_set_cpu_ticks_per_us = ets_update_cpu_frequency)
                [!provide]                        PROVIDE (esp_rom_spiflash_attach = spi_flash_attach)
                [!provide]                        PROVIDE (esp_rom_spiflash_clear_bp = esp_rom_spiflash_unlock)
                [!provide]                        PROVIDE (esp_rom_spiflash_write_enable = SPI_write_enable)
                [!provide]                        PROVIDE (esp_rom_spiflash_erase_area = SPIEraseArea)
                [!provide]                        PROVIDE (esp_rom_spiflash_fix_dummylen = spi_dummy_len_fix)
                [!provide]                        PROVIDE (esp_rom_spiflash_set_drvs = SetSpiDrvs)
                [!provide]                        PROVIDE (esp_rom_spiflash_select_padsfunc = SelectSpiFunction)
                [!provide]                        PROVIDE (esp_rom_spiflash_common_cmd = SPI_Common_Command)
                0x0000000040000850                __absvdi2 = 0x40000850
                0x0000000040000854                __absvsi2 = 0x40000854
                0x0000000040000858                __adddf3 = 0x40000858
                0x000000004000085c                __addsf3 = 0x4000085c
                0x0000000040000860                __addvdi3 = 0x40000860
                0x0000000040000864                __addvsi3 = 0x40000864
                0x0000000040000868                __ashldi3 = 0x40000868
                0x000000004000086c                __ashrdi3 = 0x4000086c
                0x0000000040000870                __bswapdi2 = 0x40000870
                0x0000000040000874                __bswapsi2 = 0x40000874
                0x0000000040000878                __clear_cache = 0x40000878
                0x000000004000087c                __clrsbdi2 = 0x4000087c
                0x0000000040000880                __clrsbsi2 = 0x40000880
                0x0000000040000884                __clzdi2 = 0x40000884
                0x0000000040000888                __clzsi2 = 0x40000888
                0x000000004000088c                __cmpdi2 = 0x4000088c
                0x0000000040000890                __ctzdi2 = 0x40000890
                0x0000000040000894                __ctzsi2 = 0x40000894
                0x0000000040000898                __divdc3 = 0x40000898
                0x000000004000089c                __divdf3 = 0x4000089c
                0x00000000400008a0                __divdi3 = 0x400008a0
                0x00000000400008a4                __divsc3 = 0x400008a4
                0x00000000400008a8                __divsf3 = 0x400008a8
                0x00000000400008ac                __divsi3 = 0x400008ac
                0x00000000400008b0                __eqdf2 = 0x400008b0
                0x00000000400008b4                __eqsf2 = 0x400008b4
                0x00000000400008b8                __extendsfdf2 = 0x400008b8
                0x00000000400008bc                __ffsdi2 = 0x400008bc
                0x00000000400008c0                __ffssi2 = 0x400008c0
                0x00000000400008c4                __fixdfdi = 0x400008c4
                0x00000000400008c8                __fixdfsi = 0x400008c8
                0x00000000400008cc                __fixsfdi = 0x400008cc
                0x00000000400008d0                __fixsfsi = 0x400008d0
                0x00000000400008d4                __fixunsdfsi = 0x400008d4
                0x00000000400008d8                __fixunssfdi = 0x400008d8
                0x00000000400008dc                __fixunssfsi = 0x400008dc
                0x00000000400008e0                __floatdidf = 0x400008e0
                0x00000000400008e4                __floatdisf = 0x400008e4
                0x00000000400008e8                __floatsidf = 0x400008e8
                0x00000000400008ec                __floatsisf = 0x400008ec
                0x00000000400008f0                __floatundidf = 0x400008f0
                0x00000000400008f4                __floatundisf = 0x400008f4
                0x00000000400008f8                __floatunsidf = 0x400008f8
                0x00000000400008fc                __floatunsisf = 0x400008fc
                0x0000000040000900                __gcc_bcmp = 0x40000900
                0x0000000040000904                __gedf2 = 0x40000904
                0x0000000040000908                __gesf2 = 0x40000908
                0x000000004000090c                __gtdf2 = 0x4000090c
                0x0000000040000910                __gtsf2 = 0x40000910
                0x0000000040000914                __ledf2 = 0x40000914
                0x0000000040000918                __lesf2 = 0x40000918
                0x000000004000091c                __lshrdi3 = 0x4000091c
                0x0000000040000920                __ltdf2 = 0x40000920
                0x0000000040000924                __ltsf2 = 0x40000924
                0x0000000040000928                __moddi3 = 0x40000928
                0x000000004000092c                __modsi3 = 0x4000092c
                0x0000000040000930                __muldc3 = 0x40000930
                0x0000000040000934                __muldf3 = 0x40000934
                0x0000000040000938                __muldi3 = 0x40000938
                0x000000004000093c                __mulsc3 = 0x4000093c
                0x0000000040000940                __mulsf3 = 0x40000940
                0x0000000040000944                __mulsi3 = 0x40000944
                0x0000000040000948                __mulvdi3 = 0x40000948
                0x000000004000094c                __mulvsi3 = 0x4000094c
                0x0000000040000950                __nedf2 = 0x40000950
                0x0000000040000954                __negdf2 = 0x40000954
                0x0000000040000958                __negdi2 = 0x40000958
                0x000000004000095c                __negsf2 = 0x4000095c
                0x0000000040000960                __negvdi2 = 0x40000960
                0x0000000040000964                __negvsi2 = 0x40000964
                0x0000000040000968                __nesf2 = 0x40000968
                0x000000004000096c                __paritysi2 = 0x4000096c
                0x0000000040000970                __popcountdi2 = 0x40000970
                0x0000000040000974                __popcountsi2 = 0x40000974
                0x0000000040000978                __powidf2 = 0x40000978
                0x000000004000097c                __powisf2 = 0x4000097c
                0x0000000040000980                __subdf3 = 0x40000980
                0x0000000040000984                __subsf3 = 0x40000984
                0x0000000040000988                __subvdi3 = 0x40000988
                0x000000004000098c                __subvsi3 = 0x4000098c
                0x0000000040000990                __truncdfsf2 = 0x40000990
                0x0000000040000994                __ucmpdi2 = 0x40000994
                0x0000000040000998                __udivdi3 = 0x40000998
                0x000000004000099c                __udivmoddi4 = 0x4000099c
                0x00000000400009a0                __udivsi3 = 0x400009a0
                0x00000000400009a4                __udiv_w_sdiv = 0x400009a4
                0x00000000400009a8                __umoddi3 = 0x400009a8
                0x00000000400009ac                __umodsi3 = 0x400009ac
                0x00000000400009b0                __unorddf2 = 0x400009b0
                0x00000000400009b4                __unordsf2 = 0x400009b4
                0x00000000400009b8                __extenddftf2 = 0x400009b8
                0x00000000400009bc                __trunctfdf2 = 0x400009bc
                0x000000004000049c                esp_rom_newlib_init_common_mutexes = 0x4000049c
                0x00000000400004a0                memset = 0x400004a0
                0x00000000400004a4                memcpy = 0x400004a4
                0x00000000400004a8                memmove = 0x400004a8
                0x00000000400004ac                memcmp = 0x400004ac
                0x00000000400004b0                strcpy = 0x400004b0
                0x00000000400004b4                strncpy = 0x400004b4
                0x00000000400004b8                strcmp = 0x400004b8
                0x00000000400004bc                strncmp = 0x400004bc
                0x00000000400004c0                strlen = 0x400004c0
                0x00000000400004c4                strstr = 0x400004c4
                0x00000000400004c8                bzero = 0x400004c8
                0x00000000400004cc                _isatty_r = 0x400004cc
                0x00000000400004d0                sbrk = 0x400004d0
                0x00000000400004d4                isalnum = 0x400004d4
                0x00000000400004d8                isalpha = 0x400004d8
                0x00000000400004dc                isascii = 0x400004dc
                0x00000000400004e0                isblank = 0x400004e0
                0x00000000400004e4                iscntrl = 0x400004e4
                0x00000000400004e8                isdigit = 0x400004e8
                0x00000000400004ec                islower = 0x400004ec
                0x00000000400004f0                isgraph = 0x400004f0
                0x00000000400004f4                isprint = 0x400004f4
                0x00000000400004f8                ispunct = 0x400004f8
                0x00000000400004fc                isspace = 0x400004fc
                0x0000000040000500                isupper = 0x40000500
                0x0000000040000504                toupper = 0x40000504
                0x0000000040000508                tolower = 0x40000508
                0x000000004000050c                toascii = 0x4000050c
                0x0000000040000510                memccpy = 0x40000510
                0x0000000040000514                memchr = 0x40000514
                0x0000000040000518                memrchr = 0x40000518
                0x000000004000051c                strcasecmp = 0x4000051c
                0x0000000040000520                strcasestr = 0x40000520
                0x0000000040000524                strcat = 0x40000524
                0x0000000040000528                strdup = 0x40000528
                0x000000004000052c                strchr = 0x4000052c
                0x0000000040000530                strcspn = 0x40000530
                0x0000000040000534                strcoll = 0x40000534
                0x0000000040000538                strlcat = 0x40000538
                0x000000004000053c                strlcpy = 0x4000053c
                0x0000000040000540                strlwr = 0x40000540
                0x0000000040000544                strncasecmp = 0x40000544
                0x0000000040000548                strncat = 0x40000548
                0x000000004000054c                strndup = 0x4000054c
                0x0000000040000550                strnlen = 0x40000550
                0x0000000040000554                strrchr = 0x40000554
                0x0000000040000558                strsep = 0x40000558
                0x000000004000055c                strspn = 0x4000055c
                0x0000000040000560                strtok_r = 0x40000560
                0x0000000040000564                strupr = 0x40000564
                0x0000000040000568                longjmp = 0x40000568
                0x000000004000056c                setjmp = 0x4000056c
                0x0000000040000570                abs = 0x40000570
                0x0000000040000574                div = 0x40000574
                0x0000000040000578                labs = 0x40000578
                0x000000004000057c                ldiv = 0x4000057c
                0x0000000040000580                qsort = 0x40000580
                0x0000000040000584                rand_r = 0x40000584
                0x0000000040000588                rand = 0x40000588
                0x000000004000058c                srand = 0x4000058c
                0x0000000040000590                utoa = 0x40000590
                0x0000000040000594                itoa = 0x40000594
                0x0000000040000598                atoi = 0x40000598
                0x000000004000059c                atol = 0x4000059c
                0x00000000400005a0                strtol = 0x400005a0
                0x00000000400005a4                strtoul = 0x400005a4
                0x00000000400005a8                fflush = 0x400005a8
                0x00000000400005ac                _fflush_r = 0x400005ac
                0x00000000400005b0                _fwalk = 0x400005b0
                0x00000000400005b4                _fwalk_reent = 0x400005b4
                0x00000000400005b8                __smakebuf_r = 0x400005b8
                0x00000000400005bc                __swhatbuf_r = 0x400005bc
                0x00000000400005c0                __swbuf_r = 0x400005c0
                0x00000000400005c4                __swbuf = 0x400005c4
                0x00000000400005c8                __swsetup_r = 0x400005c8
                0x000000004084ffd4                syscall_table_ptr = 0x4084ffd4
                0x000000004084ffd0                _global_impure_ptr = 0x4084ffd0
                0x0000000040000394                wdt_hal_config_stage = 0x40000394
                0x0000000040000398                wdt_hal_write_protect_disable = 0x40000398
                0x000000004000039c                wdt_hal_write_protect_enable = 0x4000039c
                0x00000000400003a0                wdt_hal_enable = 0x400003a0
                0x00000000400003a4                wdt_hal_disable = 0x400003a4
                0x00000000400003a8                wdt_hal_handle_intr = 0x400003a8
                0x00000000400003ac                wdt_hal_feed = 0x400003ac
                0x00000000400003b0                wdt_hal_set_flashboot_en = 0x400003b0
                0x00000000400003b4                wdt_hal_is_enabled = 0x400003b4
                0x0000000060000000                PROVIDE (UART0 = 0x60000000)
                0x0000000060001000                PROVIDE (UART1 = 0x60001000)
                0x0000000060002000                PROVIDE (SPIMEM0 = 0x60002000)
                0x0000000060003000                PROVIDE (SPIMEM1 = 0x60003000)
                [!provide]                        PROVIDE (I2C0 = 0x60004000)
                [!provide]                        PROVIDE (I2C1 = 0x60005000)
                [!provide]                        PROVIDE (UHCI0 = 0x60006000)
                [!provide]                        PROVIDE (RMT = 0x60007000)
                [!provide]                        PROVIDE (RMTMEM = 0x60007400)
                [!provide]                        PROVIDE (LEDC = 0x60008000)
                0x0000000060009000                PROVIDE (TIMERG0 = 0x60009000)
                0x000000006000a000                PROVIDE (TIMERG1 = 0x6000a000)
                [!provide]                        PROVIDE (SYSTIMER = 0x6000b000)
                [!provide]                        PROVIDE (TWAI0 = 0x6000c000)
                [!provide]                        PROVIDE (I2S0 = 0x6000d000)
                [!provide]                        PROVIDE (APB_SARADC = 0x6000e000)
                [!provide]                        PROVIDE (USB_SERIAL_JTAG = 0x6000f000)
                [!provide]                        PROVIDE (INTMTX = 0x60010000)
                [!provide]                        PROVIDE (ATOMIC_LOCKER = 0x60011000)
                [!provide]                        PROVIDE (PCNT = 0x60012000)
                [!provide]                        PROVIDE (SOC_ETM = 0x60013000)
                [!provide]                        PROVIDE (MCPWM0 = 0x60014000)
                [!provide]                        PROVIDE (PARL_IO = 0x60015000)
                [!provide]                        PROVIDE (PVT_MONITOR = 0x60019000)
                [!provide]                        PROVIDE (GDMA = 0x60080000)
                [!provide]                        PROVIDE (GPSPI2 = 0x60081000)
                [!provide]                        PROVIDE (AES = 0x60088000)
                [!provide]                        PROVIDE (SHA = 0x60089000)
                [!provide]                        PROVIDE (RSA = 0x6008a000)
                [!provide]                        PROVIDE (ECC = 0x6008b000)
                [!provide]                        PROVIDE (DS = 0x6008c000)
                [!provide]                        PROVIDE (HMAC = 0x6008d000)
                [!provide]                        PROVIDE (IO_MUX = 0x60090000)
                [!provide]                        PROVIDE (GPIO = 0x60091000)
                [!provide]                        PROVIDE (GPIO_EXT = 0x60091f00)
                [!provide]                        PROVIDE (ANALOG_CMPR = 0x60091f00)
                [!provide]                        PROVIDE (SDM = 0x60091f00)
                [!provide]                        PROVIDE (GLITCH_FILTER = 0x60091f30)
                [!provide]                        PROVIDE (GPIO_ETM = 0x60091f60)
                [!provide]                        PROVIDE (MEM_ACS_MONITOR = 0x60092000)
                [!provide]                        PROVIDE (PAU = 0x60093000)
                [!provide]                        PROVIDE (HP_SYSTEM = 0x60095000)
                0x0000000060096000                PROVIDE (PCR = 0x60096000)
                [!provide]                        PROVIDE (TEE = 0x60098000)
                [!provide]                        PROVIDE (HP_APM = 0x60099000)
                [!provide]                        PROVIDE (IEEE802154 = 0x600a3000)
                [!provide]                        PROVIDE (MODEM_SYSCON = 0x600a5400)
                0x00000000600ad000                PROVIDE (MODEM_LPCON = 0x600ad000)
                [!provide]                        PROVIDE (PMU = 0x600b0000)
                0x00000000600b0400                PROVIDE (LP_CLKRST = 0x600b0400)
                0x00000000600b0800                PROVIDE (EFUSE = 0x600b0800)
                0x00000000600b0c00                PROVIDE (LP_TIMER = 0x600b0c00)
                [!provide]                        PROVIDE (LP_AON = 0x600b1000)
                0x00000000600b1c00                PROVIDE (LP_WDT = 0x600b1c00)
                [!provide]                        PROVIDE (I2C_ANA_MST = 0x600b2400)
                [!provide]                        PROVIDE (LP_PERI = 0x600b2800)
                [!provide]                        PROVIDE (LP_ANA_PERI = 0x600b2c00)
                [!provide]                        PROVIDE (LP_APM = 0x600b3800)
                [!provide]                        PROVIDE (OTP_DEBUG = 0x600b3c00)
                0x000000004084cfd0                bootloader_usable_dram_end = 0x4084cfd0
                0x0000000000002000                bootloader_stack_overhead = 0x2000
                0x0000000000005000                bootloader_dram_seg_len = 0x5000
                0x0000000000007000                bootloader_iram_loader_seg_len = 0x7000
                0x0000000000002000                bootloader_iram_seg_len = 0x2000
                0x000000004084afd0                bootloader_dram_seg_end = (bootloader_usable_dram_end - bootloader_stack_overhead)
                0x0000000040845fd0                bootloader_dram_seg_start = (bootloader_dram_seg_end - bootloader_dram_seg_len)
                0x000000004083efd0                bootloader_iram_loader_seg_start = (bootloader_dram_seg_start - bootloader_iram_loader_seg_len)
                0x000000004083cfd0                bootloader_iram_seg_start = (bootloader_iram_loader_seg_start - bootloader_iram_seg_len)
                0x0000000000000001                ASSERT ((bootloader_iram_loader_seg_start == 0x4083efd0), bootloader_iram_loader_seg_start inconsistent with SRAM_DRAM_END)

.iram_loader.text
                0x000000004083efd0     0x2da2
                0x000000004083efd0                . = ALIGN (0x10)
                0x000000004083efd0                _loader_text_start = ABSOLUTE (.)
 *(.stub .gnu.warning .gnu.linkonce.literal.* .gnu.linkonce.t.*.literal .gnu.linkonce.t.*)
 *(.iram1 .iram1.*)
 .iram1.0       0x000000004083efd0        0x4 esp-idf/bootloader_support/libbootloader_support.a(flash_encrypt.c.obj)
                0x000000004083efd0                esp_flash_encryption_enabled
 .iram1.5       0x000000004083efd4       0x52 esp-idf/bootloader_support/libbootloader_support.a(bootloader_flash.c.obj)
 .iram1.1       0x000000004083f026      0x19a esp-idf/bootloader_support/libbootloader_support.a(bootloader_flash.c.obj)
                0x000000004083f026                bootloader_flash_execute_command_common
 .iram1.2       0x000000004083f1c0        0xe esp-idf/bootloader_support/libbootloader_support.a(bootloader_flash.c.obj)
                0x000000004083f1c0                bootloader_execute_flash_command
 .iram1.0       0x000000004083f1ce      0x15a esp-idf/bootloader_support/libbootloader_support.a(bootloader_flash.c.obj)
                0x000000004083f1ce                bootloader_flash_unlock
 .iram1.3       0x000000004083f328       0x40 esp-idf/bootloader_support/libbootloader_support.a(bootloader_flash.c.obj)
                0x000000004083f328                bootloader_flash_read_sfdp
 .iram1.4       0x000000004083f368       0x34 esp-idf/bootloader_support/libbootloader_support.a(bootloader_flash.c.obj)
                0x000000004083f368                bootloader_read_flash_id
 .iram1.6       0x000000004083f39c       0xbe esp-idf/bootloader_support/libbootloader_support.a(bootloader_flash.c.obj)
                0x000000004083f39c                bootloader_flash_xmc_startup
 .iram1.0       0x000000004083f45a       0x1c esp-idf/bootloader_support/libbootloader_support.a(bootloader_flash_config_esp32h2.c.obj)
                0x000000004083f45a                bootloader_flash_cs_timing_config
 .iram1.2       0x000000004083f476       0x56 esp-idf/bootloader_support/libbootloader_support.a(bootloader_flash_config_esp32h2.c.obj)
                0x000000004083f476                bootloader_configure_spi_pins
 .iram1.0       0x000000004083f4cc       0xb6 esp-idf/esp_rom/libesp_rom.a(esp_rom_uart.c.obj)
                0x000000004083f4cc                esp_rom_uart_set_clock_baudrate
 .iram1.0       0x000000004083f582       0x88 esp-idf/esp_rom/libesp_rom.a(esp_rom_regi2c_esp32h2.c.obj)
 .iram1.1       0x000000004083f60a       0x84 esp-idf/esp_rom/libesp_rom.a(esp_rom_regi2c_esp32h2.c.obj)
 .iram1.5       0x000000004083f68e       0xd4 esp-idf/esp_rom/libesp_rom.a(esp_rom_regi2c_esp32h2.c.obj)
                0x000000004083f68e                esp_rom_regi2c_write_mask
 .iram1.0       0x000000004083f762       0x22 esp-idf/hal/libhal.a(efuse_hal.c.obj)
                0x000000004083f762                efuse_hal_chip_revision
 .iram1.2       0x000000004083f784       0x22 esp-idf/hal/libhal.a(efuse_hal.c.obj)
                0x000000004083f784                efuse_hal_flash_encryption_enabled
 .iram1.2       0x000000004083f7a6       0x20 esp-idf/hal/libhal.a(lp_timer_hal.c.obj)
                0x000000004083f7a6                lp_timer_hal_get_cycle_count
 *liblog.a:(.literal .text .literal.* .text.*)
 .text.esp_log_early_timestamp
                0x000000004083f7c6       0x26 esp-idf/log/liblog.a(log_noos.c.obj)
                0x000000004083f7c6                esp_log_early_timestamp
                0x000000004083f7c6                esp_log_timestamp
 *libgcc.a:(.literal .text .literal.* .text.*)
 *libbootloader_support.a:bootloader_clock_loader.*(.literal .text .literal.* .text.*)
 *libbootloader_support.a:bootloader_common_loader.*(.literal .text .literal.* .text.*)
 .text.bootloader_common_ota_select_crc
                0x000000004083f7ec        0xe esp-idf/bootloader_support/libbootloader_support.a(bootloader_common_loader.c.obj)
                0x000000004083f7ec                bootloader_common_ota_select_crc
 .text.bootloader_common_ota_select_invalid
                0x000000004083f7fa       0x16 esp-idf/bootloader_support/libbootloader_support.a(bootloader_common_loader.c.obj)
                0x000000004083f7fa                bootloader_common_ota_select_invalid
 .text.bootloader_common_ota_select_valid
                0x000000004083f810       0x2a esp-idf/bootloader_support/libbootloader_support.a(bootloader_common_loader.c.obj)
                0x000000004083f810                bootloader_common_ota_select_valid
 .text.bootloader_common_check_chip_validity
                0x000000004083f83a      0x11e esp-idf/bootloader_support/libbootloader_support.a(bootloader_common_loader.c.obj)
                0x000000004083f83a                bootloader_common_check_chip_validity
 .text.bootloader_common_select_otadata
                0x000000004083f958       0x38 esp-idf/bootloader_support/libbootloader_support.a(bootloader_common_loader.c.obj)
                0x000000004083f958                bootloader_common_select_otadata
 .text.bootloader_common_get_active_otadata
                0x000000004083f990       0x2e esp-idf/bootloader_support/libbootloader_support.a(bootloader_common_loader.c.obj)
                0x000000004083f990                bootloader_common_get_active_otadata
 *libbootloader_support.a:bootloader_flash.*(.literal .text .literal.* .text.*)
 .text.spi_to_esp_err
                0x000000004083f9be       0x22 esp-idf/bootloader_support/libbootloader_support.a(bootloader_flash.c.obj)
 .text.bootloader_mmap_get_free_pages
                0x000000004083f9e0        0x6 esp-idf/bootloader_support/libbootloader_support.a(bootloader_flash.c.obj)
                0x000000004083f9e0                bootloader_mmap_get_free_pages
 .text.bootloader_mmap
                0x000000004083f9e6       0xc0 esp-idf/bootloader_support/libbootloader_support.a(bootloader_flash.c.obj)
                0x000000004083f9e6                bootloader_mmap
 .text.bootloader_munmap
                0x000000004083faa6       0x30 esp-idf/bootloader_support/libbootloader_support.a(bootloader_flash.c.obj)
                0x000000004083faa6                bootloader_munmap
 .text.bootloader_flash_read
                0x000000004083fad6      0x130 esp-idf/bootloader_support/libbootloader_support.a(bootloader_flash.c.obj)
                0x000000004083fad6                bootloader_flash_read
 .text.bootloader_flash_erase_sector
                0x000000004083fc06       0x12 esp-idf/bootloader_support/libbootloader_support.a(bootloader_flash.c.obj)
                0x000000004083fc06                bootloader_flash_erase_sector
 .text.bootloader_flash_write
                0x000000004083fc18       0xca esp-idf/bootloader_support/libbootloader_support.a(bootloader_flash.c.obj)
                0x000000004083fc18                bootloader_flash_write
 .text.bootloader_enable_wp
                0x000000004083fce2        0xc esp-idf/bootloader_support/libbootloader_support.a(bootloader_flash.c.obj)
                0x000000004083fce2                bootloader_enable_wp
 *libbootloader_support.a:bootloader_random.*(.literal .text .literal.* .text.*)
 .text.bootloader_fill_random
                0x000000004083fcee       0x80 esp-idf/bootloader_support/libbootloader_support.a(bootloader_random.c.obj)
                0x000000004083fcee                bootloader_fill_random
 *libbootloader_support.a:bootloader_random*.*(.literal.bootloader_random_disable .text.bootloader_random_disable)
 .text.bootloader_random_disable
                0x000000004083fd6e       0xba esp-idf/bootloader_support/libbootloader_support.a(bootloader_random_esp32h2.c.obj)
                0x000000004083fd6e                bootloader_random_disable
 *libbootloader_support.a:bootloader_random*.*(.literal.bootloader_random_enable .text.bootloader_random_enable)
 .text.bootloader_random_enable
                0x000000004083fe28      0x124 esp-idf/bootloader_support/libbootloader_support.a(bootloader_random_esp32h2.c.obj)
                0x000000004083fe28                bootloader_random_enable
 *libbootloader_support.a:bootloader_efuse.*(.literal .text .literal.* .text.*)
 *libbootloader_support.a:bootloader_utility.*(.literal .text .literal.* .text.*)
 .text.log_invalid_app_partition
                0x000000004083ff4c       0x84 esp-idf/bootloader_support/libbootloader_support.a(bootloader_utility.c.obj)
 .text.index_to_partition
                0x000000004083ffd0       0x46 esp-idf/bootloader_support/libbootloader_support.a(bootloader_utility.c.obj)
 .text.try_load_partition
                0x0000000040840016       0x44 esp-idf/bootloader_support/libbootloader_support.a(bootloader_utility.c.obj)
 .text.cache_ll_l1_enable_bus.constprop.0
                0x000000004084005a       0x30 esp-idf/bootloader_support/libbootloader_support.a(bootloader_utility.c.obj)
 .text.set_actual_ota_seq
                0x000000004084008a       0xaa esp-idf/bootloader_support/libbootloader_support.a(bootloader_utility.c.obj)
 .text.load_image
                0x0000000040840134      0x158 esp-idf/bootloader_support/libbootloader_support.a(bootloader_utility.c.obj)
 .text.bootloader_utility_load_partition_table
                0x000000004084028c      0x22e esp-idf/bootloader_support/libbootloader_support.a(bootloader_utility.c.obj)
                0x000000004084028c                bootloader_utility_load_partition_table
 .text.bootloader_utility_get_selected_boot_partition
                0x00000000408404ba      0x17c esp-idf/bootloader_support/libbootloader_support.a(bootloader_utility.c.obj)
                0x00000000408404ba                bootloader_utility_get_selected_boot_partition
 .text.bootloader_reset
                0x0000000040840636       0x1c esp-idf/bootloader_support/libbootloader_support.a(bootloader_utility.c.obj)
                0x0000000040840636                bootloader_reset
 .text.bootloader_utility_load_boot_image
                0x0000000040840652      0x11c esp-idf/bootloader_support/libbootloader_support.a(bootloader_utility.c.obj)
                0x0000000040840652                bootloader_utility_load_boot_image
 .text.bootloader_debug_buffer
                0x000000004084076e        0x2 esp-idf/bootloader_support/libbootloader_support.a(bootloader_utility.c.obj)
                0x000000004084076e                bootloader_debug_buffer
 *libbootloader_support.a:bootloader_sha.*(.literal .text .literal.* .text.*)
 .text.bootloader_sha256_start
                0x0000000040840770       0x2c esp-idf/bootloader_support/libbootloader_support.a(bootloader_sha.c.obj)
                0x0000000040840770                bootloader_sha256_start
 .text.bootloader_sha256_data
                0x000000004084079c       0x34 esp-idf/bootloader_support/libbootloader_support.a(bootloader_sha.c.obj)
                0x000000004084079c                bootloader_sha256_data
 .text.bootloader_sha256_finish
                0x00000000408407d0       0x46 esp-idf/bootloader_support/libbootloader_support.a(bootloader_sha.c.obj)
                0x00000000408407d0                bootloader_sha256_finish
 *libbootloader_support.a:bootloader_console_loader.*(.literal .text .literal.* .text.*)
 .text.bootloader_console_deinit
                0x0000000040840816        0xa esp-idf/bootloader_support/libbootloader_support.a(bootloader_console_loader.c.obj)
                0x0000000040840816                bootloader_console_deinit
 *libbootloader_support.a:bootloader_panic.*(.literal .text .literal.* .text.*)
 .text.__assert_func
                0x0000000040840820       0x20 esp-idf/bootloader_support/libbootloader_support.a(bootloader_panic.c.obj)
                0x0000000040840820                __assert_func
 .text.unlikely.abort
                0x0000000040840840       0x26 esp-idf/bootloader_support/libbootloader_support.a(bootloader_panic.c.obj)
                0x0000000040840840                abort
 *libbootloader_support.a:bootloader_soc.*(.literal .text .literal.* .text.*)
 .text.bootloader_ana_super_wdt_reset_config
                0x0000000040840866       0x32 esp-idf/bootloader_support/libbootloader_support.a(bootloader_soc.c.obj)
                0x0000000040840866                bootloader_ana_super_wdt_reset_config
 .text.bootloader_ana_bod_reset_config
                0x0000000040840898       0x26 esp-idf/bootloader_support/libbootloader_support.a(bootloader_soc.c.obj)
                0x0000000040840898                bootloader_ana_bod_reset_config
 .text.bootloader_ana_clock_glitch_reset_config
                0x00000000408408be        0x2 esp-idf/bootloader_support/libbootloader_support.a(bootloader_soc.c.obj)
                0x00000000408408be                bootloader_ana_clock_glitch_reset_config
 *libbootloader_support.a:esp_image_format.*(.literal .text .literal.* .text.*)
 .text.should_load
                0x00000000408408c0       0x50 esp-idf/bootloader_support/libbootloader_support.a(esp_image_format.c.obj)
 .text.bootloader_util_regions_overlap
                0x0000000040840910       0x4e esp-idf/bootloader_support/libbootloader_support.a(esp_image_format.c.obj)
 .text.process_segments
                0x000000004084095e      0x42a esp-idf/bootloader_support/libbootloader_support.a(esp_image_format.c.obj)
 .text.image_load
                0x0000000040840d88      0x3f4 esp-idf/bootloader_support/libbootloader_support.a(esp_image_format.c.obj)
 .text.bootloader_load_image
                0x000000004084117c        0x8 esp-idf/bootloader_support/libbootloader_support.a(esp_image_format.c.obj)
                0x000000004084117c                bootloader_load_image
 *libbootloader_support.a:flash_encrypt.*(.literal .text .literal.* .text.*)
 *libbootloader_support.a:flash_encryption_secure_features.*(.literal .text .literal.* .text.*)
 *libbootloader_support.a:flash_partitions.*(.literal .text .literal.* .text.*)
 .text.esp_partition_table_verify
                0x0000000040841184      0x17e esp-idf/bootloader_support/libbootloader_support.a(flash_partitions.c.obj)
                0x0000000040841184                esp_partition_table_verify
 *libbootloader_support.a:secure_boot.*(.literal .text .literal.* .text.*)
 *libbootloader_support.a:secure_boot_secure_features.*(.literal .text .literal.* .text.*)
 *libbootloader_support.a:secure_boot_signatures_bootloader.*(.literal .text .literal.* .text.*)
 *libmicro-ecc.a:*.*(.literal .text .literal.* .text.*)
 *libspi_flash.a:*.*(.literal .text .literal.* .text.*)
 *libhal.a:wdt_hal_iram.*(.literal .text .literal.* .text.*)
 *libhal.a:mmu_hal.*(.literal .text .literal.* .text.*)
 .text.mmu_hal_unmap_all
                0x0000000040841302       0x20 esp-idf/hal/libhal.a(mmu_hal.c.obj)
                0x0000000040841302                mmu_hal_unmap_all
 .text.mmu_hal_init
                0x0000000040841322       0x24 esp-idf/hal/libhal.a(mmu_hal.c.obj)
                0x0000000040841322                mmu_hal_init
 .text.mmu_hal_pages_to_bytes
                0x0000000040841346       0x30 esp-idf/hal/libhal.a(mmu_hal.c.obj)
                0x0000000040841346                mmu_hal_pages_to_bytes
 .text.mmu_hal_check_valid_ext_vaddr_region
                0x0000000040841376       0x1c esp-idf/hal/libhal.a(mmu_hal.c.obj)
                0x0000000040841376                mmu_hal_check_valid_ext_vaddr_region
 .text.mmu_hal_map_region
                0x0000000040841392      0x17a esp-idf/hal/libhal.a(mmu_hal.c.obj)
                0x0000000040841392                mmu_hal_map_region
 *libhal.a:cache_hal.*(.literal .text .literal.* .text.*)
 .text.cache_hal_init
                0x000000004084150c       0x46 esp-idf/hal/libhal.a(cache_hal.c.obj)
                0x000000004084150c                cache_hal_init
 .text.cache_hal_disable
                0x0000000040841552       0x1e esp-idf/hal/libhal.a(cache_hal.c.obj)
                0x0000000040841552                cache_hal_disable
 .text.cache_hal_enable
                0x0000000040841570       0x26 esp-idf/hal/libhal.a(cache_hal.c.obj)
                0x0000000040841570                cache_hal_enable
 *libhal.a:efuse_hal.*(.literal .text .literal.* .text.*)
 .text.efuse_hal_get_major_chip_version
                0x0000000040841596       0x10 esp-idf/hal/libhal.a(efuse_hal.c.obj)
                0x0000000040841596                efuse_hal_get_major_chip_version
 .text.efuse_hal_get_minor_chip_version
                0x00000000408415a6       0x10 esp-idf/hal/libhal.a(efuse_hal.c.obj)
                0x00000000408415a6                efuse_hal_get_minor_chip_version
 *libesp_hw_support.a:rtc_clk.*(.literal .text .literal.* .text.*)
 .text.rtc_clk_bbpll_disable
                0x00000000408415b6       0x22 esp-idf/esp_hw_support/libesp_hw_support.a(rtc_clk.c.obj)
 .text.rtc_clk_bbpll_enable
                0x00000000408415d8       0x1e esp-idf/esp_hw_support/libesp_hw_support.a(rtc_clk.c.obj)
 .text.rtc_clk_cpu_freq_to_8m
                0x00000000408415f6       0x60 esp-idf/esp_hw_support/libesp_hw_support.a(rtc_clk.c.obj)
 .text.rtc_clk_bbpll_configure
                0x0000000040841656       0xc6 esp-idf/esp_hw_support/libesp_hw_support.a(rtc_clk.c.obj)
 .text.rtc_clk_cpu_freq_to_xtal
                0x000000004084171c       0x6c esp-idf/esp_hw_support/libesp_hw_support.a(rtc_clk.c.obj)
 .text.rtc_clk_cpu_freq_to_pll_mhz
                0x0000000040841788       0x96 esp-idf/esp_hw_support/libesp_hw_support.a(rtc_clk.c.obj)
 .text.rtc_clk_cpu_freq_to_flash_pll
                0x000000004084181e       0x7e esp-idf/esp_hw_support/libesp_hw_support.a(rtc_clk.c.obj)
 .text.rtc_clk_32k_enable.part.0
                0x000000004084189c       0x54 esp-idf/esp_hw_support/libesp_hw_support.a(rtc_clk.c.obj)
 .text.rtc_clk_32k_enable
                0x00000000408418f0       0x1a esp-idf/esp_hw_support/libesp_hw_support.a(rtc_clk.c.obj)
                0x00000000408418f0                rtc_clk_32k_enable
 .text.rtc_clk_32k_enable_external
                0x000000004084190a       0x1a esp-idf/esp_hw_support/libesp_hw_support.a(rtc_clk.c.obj)
                0x000000004084190a                rtc_clk_32k_enable_external
 .text.rtc_clk_rc32k_enable
                0x0000000040841924       0x2c esp-idf/esp_hw_support/libesp_hw_support.a(rtc_clk.c.obj)
                0x0000000040841924                rtc_clk_rc32k_enable
 .text.rtc_clk_8m_enable
                0x0000000040841950       0x2c esp-idf/esp_hw_support/libesp_hw_support.a(rtc_clk.c.obj)
                0x0000000040841950                rtc_clk_8m_enable
 .text.rtc_clk_slow_src_set
                0x000000004084197c       0x50 esp-idf/esp_hw_support/libesp_hw_support.a(rtc_clk.c.obj)
                0x000000004084197c                rtc_clk_slow_src_set
 .text.rtc_clk_slow_src_get
                0x00000000408419cc       0x20 esp-idf/esp_hw_support/libesp_hw_support.a(rtc_clk.c.obj)
                0x00000000408419cc                rtc_clk_slow_src_get
 .text.rtc_clk_slow_freq_get_hz
                0x00000000408419ec       0x20 esp-idf/esp_hw_support/libesp_hw_support.a(rtc_clk.c.obj)
                0x00000000408419ec                rtc_clk_slow_freq_get_hz
 .text.rtc_clk_fast_src_set
                0x0000000040841a0c       0x42 esp-idf/esp_hw_support/libesp_hw_support.a(rtc_clk.c.obj)
                0x0000000040841a0c                rtc_clk_fast_src_set
 .text.rtc_clk_fast_src_get
                0x0000000040841a4e       0x24 esp-idf/esp_hw_support/libesp_hw_support.a(rtc_clk.c.obj)
                0x0000000040841a4e                rtc_clk_fast_src_get
 .text.rtc_clk_xtal_freq_get
                0x0000000040841a72       0x54 esp-idf/esp_hw_support/libesp_hw_support.a(rtc_clk.c.obj)
                0x0000000040841a72                rtc_clk_xtal_freq_get
 .text.rtc_clk_cpu_freq_mhz_to_config
                0x0000000040841ac6       0x78 esp-idf/esp_hw_support/libesp_hw_support.a(rtc_clk.c.obj)
                0x0000000040841ac6                rtc_clk_cpu_freq_mhz_to_config
 .text.rtc_clk_cpu_freq_set_config
                0x0000000040841b3e       0xe2 esp-idf/esp_hw_support/libesp_hw_support.a(rtc_clk.c.obj)
                0x0000000040841b3e                rtc_clk_cpu_freq_set_config
 .text.rtc_clk_cpu_freq_get_config
                0x0000000040841c20       0x8a esp-idf/esp_hw_support/libesp_hw_support.a(rtc_clk.c.obj)
                0x0000000040841c20                rtc_clk_cpu_freq_get_config
 .text.rtc_clk_xtal_freq_update
                0x0000000040841caa       0x26 esp-idf/esp_hw_support/libesp_hw_support.a(rtc_clk.c.obj)
                0x0000000040841caa                rtc_clk_xtal_freq_update
 .text.rtc_clk_apb_freq_get
                0x0000000040841cd0       0xa2 esp-idf/esp_hw_support/libesp_hw_support.a(rtc_clk.c.obj)
                0x0000000040841cd0                rtc_clk_apb_freq_get
 *libesp_hw_support.a:rtc_time.*(.literal .text .literal.* .text.*)
 *libesp_hw_support.a:regi2c_ctrl.*(.literal .text .literal.* .text.*)
 *libefuse.a:*.*(.literal .text .literal.* .text.*)
 *(.fini.literal)
 *(.fini)
 *(.gnu.version)
                0x0000000040841d72                _loader_text_end = ABSOLUTE (.)

.iram.text      0x000000004083cfd0        0x0
                0x000000004083cfd0                . = ALIGN (0x10)
 *(.entry.text)
 *(.init.literal)
 *(.init)

.dram0.bss      0x0000000040845fd0      0x118
                0x0000000040845fd0                . = ALIGN (0x8)
                0x0000000040845fd0                _dram_start = ABSOLUTE (.)
                0x0000000040845fd0                _bss_start = ABSOLUTE (.)
 *(.dynsbss)
 *(.sbss)
 *(.sbss.*)
 .sbss.ota_has_initial_contents
                0x0000000040845fd0        0x1 esp-idf/bootloader_support/libbootloader_support.a(bootloader_utility.c.obj)
 *fill*         0x0000000040845fd1        0x3 
 .sbss.ram_obfs_value
                0x0000000040845fd4        0x8 esp-idf/bootloader_support/libbootloader_support.a(esp_image_format.c.obj)
 .sbss.mapped   0x0000000040845fdc        0x1 esp-idf/bootloader_support/libbootloader_support.a(bootloader_flash.c.obj)
 *fill*         0x0000000040845fdd        0x3 
 .sbss.s_bbpll_digi_consumers_ref_count
                0x0000000040845fe0        0x4 esp-idf/esp_hw_support/libesp_hw_support.a(rtc_clk.c.obj)
 .sbss.s_cur_pll_freq
                0x0000000040845fe4        0x4 esp-idf/esp_hw_support/libesp_hw_support.a(rtc_clk.c.obj)
 *(.gnu.linkonce.sb.*)
 *(.scommon)
 *(.sbss2)
 *(.sbss2.*)
 *(.gnu.linkonce.sb2.*)
 *(.dynbss)
 *(.bss)
 *(.bss.*)
 .bss.ctx       0x0000000040845fe8       0xd8 esp-idf/bootloader_support/libbootloader_support.a(bootloader_sha.c.obj)
 .bss.bootloader_image_hdr
                0x00000000408460c0       0x18 esp-idf/bootloader_support/libbootloader_support.a(bootloader_init.c.obj)
                0x00000000408460c0                bootloader_image_hdr
 .bss.ctx       0x00000000408460d8        0xc esp-idf/hal/libhal.a(cache_hal.c.obj)
 *(.gnu.linkonce.b.*)
 *(COMMON)
                0x00000000408460e8                . = ALIGN (0x8)
 *fill*         0x00000000408460e4        0x4 
                0x00000000408460e8                _bss_end = ABSOLUTE (.)

.dram0.data     0x00000000408460e8        0x4
                0x00000000408460e8                _data_start = ABSOLUTE (.)
 *(.data)
 *(.data.*)
 *(.gnu.linkonce.d.*)
 *(.data1)
 *(.sdata)
 *(.sdata.*)
 .sdata.current_read_mapping
                0x00000000408460e8        0x4 esp-idf/bootloader_support/libbootloader_support.a(bootloader_flash.c.obj)
 *(.gnu.linkonce.s.*)
 *(.gnu.linkonce.s2.*)
 *(.jcr)
                0x00000000408460ec                _data_end = ABSOLUTE (.)

.dram1.0        0x00000000408460ec        0x4
 .dram1.0       0x00000000408460ec        0x4 esp-idf/hal/libhal.a(lp_timer_hal.c.obj)

.dram0.rodata   0x00000000408460f0     0x177c
                0x00000000408460f0                _rodata_start = ABSOLUTE (.)
 *(.rodata)
 *(.rodata.*)
 .rodata.__assert_func.str1.4
                0x00000000408460f0       0x22 esp-idf/bootloader_support/libbootloader_support.a(bootloader_panic.c.obj)
 *fill*         0x0000000040846112        0x2 
 .rodata.abort.str1.4
                0x0000000040846114       0x22 esp-idf/bootloader_support/libbootloader_support.a(bootloader_panic.c.obj)
 *fill*         0x0000000040846136        0x2 
 .rodata.call_start_cpu0.str1.4
                0x0000000040846138       0x3c esp-idf/main/libmain.a(bootloader_start.c.obj)
 .rodata.log_invalid_app_partition.str1.4
                0x0000000040846174       0xb0 esp-idf/bootloader_support/libbootloader_support.a(bootloader_utility.c.obj)
                                         0xb8 (size before relaxing)
 .rodata.try_load_partition.str1.4
                0x0000000040846224       0x41 esp-idf/bootloader_support/libbootloader_support.a(bootloader_utility.c.obj)
 *fill*         0x0000000040846265        0x3 
 .rodata.set_actual_ota_seq.str1.4
                0x0000000040846268       0x85 esp-idf/bootloader_support/libbootloader_support.a(bootloader_utility.c.obj)
 *fill*         0x00000000408462ed        0x3 
 .rodata.load_image.str1.4
                0x00000000408462f0       0x9f esp-idf/bootloader_support/libbootloader_support.a(bootloader_utility.c.obj)
 *fill*         0x000000004084638f        0x1 
 .rodata.bootloader_common_get_partition_description.str1.4
                0x0000000040846390       0x3d esp-idf/bootloader_support/libbootloader_support.a(bootloader_utility.c.obj)
 *fill*         0x00000000408463cd        0x3 
 .rodata.bootloader_utility_load_partition_table.str1.4
                0x00000000408463d0      0x1df esp-idf/bootloader_support/libbootloader_support.a(bootloader_utility.c.obj)
 *fill*         0x00000000408465af        0x1 
 .rodata.bootloader_utility_get_selected_boot_partition.str1.4
                0x00000000408465b0      0x167 esp-idf/bootloader_support/libbootloader_support.a(bootloader_utility.c.obj)
 *fill*         0x0000000040846717        0x1 
 .rodata.bootloader_utility_load_boot_image.str1.4
                0x0000000040846718       0xe2 esp-idf/bootloader_support/libbootloader_support.a(bootloader_utility.c.obj)
 *fill*         0x00000000408467fa        0x2 
 .rodata.__func__.0
                0x00000000408467fc       0x10 esp-idf/bootloader_support/libbootloader_support.a(bootloader_utility.c.obj)
 .rodata.esp_partition_table_verify.str1.4
                0x000000004084680c      0x16c esp-idf/bootloader_support/libbootloader_support.a(flash_partitions.c.obj)
 .rodata.bootloader_util_regions_overlap.str1.4
                0x0000000040846978       0x5e esp-idf/bootloader_support/libbootloader_support.a(esp_image_format.c.obj)
 *fill*         0x00000000408469d6        0x2 
 .rodata.process_segments.str1.4
                0x00000000408469d8      0x24d esp-idf/bootloader_support/libbootloader_support.a(esp_image_format.c.obj)
                                        0x291 (size before relaxing)
 *fill*         0x0000000040846c25        0x3 
 .rodata.image_load.str1.4
                0x0000000040846c28      0x1da esp-idf/bootloader_support/libbootloader_support.a(esp_image_format.c.obj)
 *fill*         0x0000000040846e02        0x2 
 .rodata.__func__.0
                0x0000000040846e04       0x20 esp-idf/bootloader_support/libbootloader_support.a(esp_image_format.c.obj)
 .rodata.__func__.1
                0x0000000040846e24       0x16 esp-idf/bootloader_support/libbootloader_support.a(esp_image_format.c.obj)
 *fill*         0x0000000040846e3a        0x2 
 .rodata.bootloader_sha256_data.str1.4
                0x0000000040846e3c       0x51 esp-idf/bootloader_support/libbootloader_support.a(bootloader_sha.c.obj)
 *fill*         0x0000000040846e8d        0x3 
 .rodata.__func__.0
                0x0000000040846e90       0x19 esp-idf/bootloader_support/libbootloader_support.a(bootloader_sha.c.obj)
 *fill*         0x0000000040846ea9        0x3 
 .rodata.__func__.1
                0x0000000040846eac       0x17 esp-idf/bootloader_support/libbootloader_support.a(bootloader_sha.c.obj)
 *fill*         0x0000000040846ec3        0x1 
 .rodata.bootloader_ana_super_wdt_reset_config.str1.4
                0x0000000040846ec4       0x49 esp-idf/bootloader_support/libbootloader_support.a(bootloader_soc.c.obj)
 *fill*         0x0000000040846f0d        0x3 
 .rodata.__func__.0
                0x0000000040846f10       0x26 esp-idf/bootloader_support/libbootloader_support.a(bootloader_soc.c.obj)
 *fill*         0x0000000040846f36        0x2 
 .rodata.bootloader_init.str1.4
                0x0000000040846f38      0x10f esp-idf/bootloader_support/libbootloader_support.a(bootloader_esp32h2.c.obj)
 *fill*         0x0000000040847047        0x1 
 .rodata.__func__.0
                0x0000000040847048       0x10 esp-idf/bootloader_support/libbootloader_support.a(bootloader_esp32h2.c.obj)
 .rodata.bootloader_common_check_chip_validity.str1.4
                0x0000000040847058       0xea esp-idf/bootloader_support/libbootloader_support.a(bootloader_common_loader.c.obj)
 *fill*         0x0000000040847142        0x2 
 .rodata.bootloader_fill_random.str1.4
                0x0000000040847144       0x4c esp-idf/bootloader_support/libbootloader_support.a(bootloader_random.c.obj)
 .rodata.__func__.0
                0x0000000040847190       0x17 esp-idf/bootloader_support/libbootloader_support.a(bootloader_random.c.obj)
 *fill*         0x00000000408471a7        0x1 
 .rodata.bootloader_mmap.str1.4
                0x00000000408471a8       0xac esp-idf/bootloader_support/libbootloader_support.a(bootloader_flash.c.obj)
 .rodata.bootloader_flash_read.str1.4
                0x0000000040847254       0xe7 esp-idf/bootloader_support/libbootloader_support.a(bootloader_flash.c.obj)
 *fill*         0x000000004084733b        0x1 
 .rodata.str1.4
                0x000000004084733c       0xdf esp-idf/bootloader_support/libbootloader_support.a(bootloader_flash.c.obj)
 *fill*         0x000000004084741b        0x1 
 .rodata.bootloader_flash_write.str1.4
                0x000000004084741c       0xef esp-idf/bootloader_support/libbootloader_support.a(bootloader_flash.c.obj)
 *fill*         0x000000004084750b        0x1 
 .rodata.__func__.0
                0x000000004084750c       0x1b esp-idf/bootloader_support/libbootloader_support.a(bootloader_flash.c.obj)
 *fill*         0x0000000040847527        0x1 
 .rodata.__func__.1
                0x0000000040847528       0x28 esp-idf/bootloader_support/libbootloader_support.a(bootloader_flash.c.obj)
 .rodata.bootloader_init_spi_flash.str1.4
                0x0000000040847550       0xec esp-idf/bootloader_support/libbootloader_support.a(bootloader_flash_config_esp32h2.c.obj)
                                         0xfc (size before relaxing)
 .rodata.bootloader_read_bootloader_header.str1.4
                0x000000004084763c       0x40 esp-idf/bootloader_support/libbootloader_support.a(bootloader_init.c.obj)
                                         0x48 (size before relaxing)
 .rodata.bootloader_check_bootloader_validity.str1.4
                0x000000004084767c       0x2e esp-idf/bootloader_support/libbootloader_support.a(bootloader_init.c.obj)
 *fill*         0x00000000408476aa        0x2 
 .rodata.bootloader_enable_random.str1.4
                0x00000000408476ac       0x3d esp-idf/bootloader_support/libbootloader_support.a(bootloader_init.c.obj)
 *fill*         0x00000000408476e9        0x3 
 .rodata.bootloader_print_banner.str1.4
                0x00000000408476ec       0x82 esp-idf/bootloader_support/libbootloader_support.a(bootloader_init.c.obj)
 *fill*         0x000000004084776e        0x2 
 .rodata.rtc_clk_init.str1.4
                0x0000000040847770       0x44 esp-idf/esp_hw_support/libesp_hw_support.a(rtc_clk_init.c.obj)
 .rodata.rtc_clk_xtal_freq_get.str1.4
                0x00000000408477b4       0x4e esp-idf/esp_hw_support/libesp_hw_support.a(rtc_clk.c.obj)
 *fill*         0x0000000040847802        0x2 
 .rodata.str1.4
                0x0000000040847804       0x4a esp-idf/esp_rom/libesp_rom.a(esp_rom_regi2c_esp32h2.c.obj)
 *fill*         0x000000004084784e        0x2 
 .rodata.__func__.0
                0x0000000040847850       0x1a esp-idf/esp_rom/libesp_rom.a(esp_rom_regi2c_esp32h2.c.obj)
 *(.gnu.linkonce.r.*)
 *(.rodata1)
 *(.sdata2 .sdata2.* .srodata .srodata.*)
                0x000000004084786a                __XT_EXCEPTION_TABLE_ = ABSOLUTE (.)
 *(.xt_except_table)
 *(.gcc_except_table)
 *(.gnu.linkonce.e.*)
 *(.gnu.version_r)
 *(.eh_frame)
                0x000000004084786c                . = ((. + 0x3) & 0xfffffffffffffffc)
 *fill*         0x000000004084786a        0x2 
                0x000000004084786c                __init_array_start = ABSOLUTE (.)
 *crtbegin.*(.ctors)
 *(EXCLUDE_FILE(*crtend.*) .ctors)
 *(SORT_BY_NAME(.ctors.*))
 *(.ctors)
                0x000000004084786c                __init_array_end = ABSOLUTE (.)
 *crtbegin.*(.dtors)
 *(EXCLUDE_FILE(*crtend.*) .dtors)
 *(SORT_BY_NAME(.dtors.*))
 *(.dtors)
                0x000000004084786c                __XT_EXCEPTION_DESCS_ = ABSOLUTE (.)
 *(.xt_except_desc)
 *(.gnu.linkonce.h.*)
                0x000000004084786c                __XT_EXCEPTION_DESCS_END__ = ABSOLUTE (.)
 *(.xt_except_desc_end)
 *(.dynamic)
 *(.gnu.version_d)
                0x000000004084786c                _rodata_end = ABSOLUTE (.)
                0x000000004084786c                _lit4_start = ABSOLUTE (.)
 *(*.lit4)
 *(.lit4.*)
 *(.gnu.linkonce.lit4.*)
                0x000000004084786c                _lit4_end = ABSOLUTE (.)
                0x000000004084786c                . = ALIGN (0x4)
                0x000000004084786c                _dram_end = ABSOLUTE (.)

.iram.text      0x000000004083cfd0      0xc10
                0x000000004083cfd0                _stext = .
                0x000000004083cfd0                _text_start = ABSOLUTE (.)
 *(.literal .text .literal.* .text.* .stub .gnu.warning .gnu.linkonce.literal.* .gnu.linkonce.t.*.literal .gnu.linkonce.t.*)
 .text.call_start_cpu0
                0x000000004083cfd0       0x82 esp-idf/main/libmain.a(bootloader_start.c.obj)
                0x000000004083cfd0                call_start_cpu0
 .text.bootloader_init
                0x000000004083d052      0x15a esp-idf/bootloader_support/libbootloader_support.a(bootloader_esp32h2.c.obj)
                0x000000004083d052                bootloader_init
 .text.bootloader_clock_configure
                0x000000004083d1ac      0x144 esp-idf/bootloader_support/libbootloader_support.a(bootloader_clock_init.c.obj)
                0x000000004083d1ac                bootloader_clock_configure
 .text.bootloader_init_mem
                0x000000004083d2f0       0x1a esp-idf/bootloader_support/libbootloader_support.a(bootloader_mem.c.obj)
                0x000000004083d2f0                bootloader_init_mem
 .text.bootloader_flash_update_id
                0x000000004083d30a       0x1c esp-idf/bootloader_support/libbootloader_support.a(bootloader_flash_config_esp32h2.c.obj)
                0x000000004083d30a                bootloader_flash_update_id
 .text.bootloader_init_spi_flash
                0x000000004083d326      0x20a esp-idf/bootloader_support/libbootloader_support.a(bootloader_flash_config_esp32h2.c.obj)
                0x000000004083d326                bootloader_init_spi_flash
 .text.bootloader_clear_bss_section
                0x000000004083d530       0x22 esp-idf/bootloader_support/libbootloader_support.a(bootloader_init.c.obj)
                0x000000004083d530                bootloader_clear_bss_section
 .text.bootloader_read_bootloader_header
                0x000000004083d552       0x3e esp-idf/bootloader_support/libbootloader_support.a(bootloader_init.c.obj)
                0x000000004083d552                bootloader_read_bootloader_header
 .text.bootloader_check_bootloader_validity
                0x000000004083d590       0x54 esp-idf/bootloader_support/libbootloader_support.a(bootloader_init.c.obj)
                0x000000004083d590                bootloader_check_bootloader_validity
 .text.bootloader_config_wdt
                0x000000004083d5e4       0xc2 esp-idf/bootloader_support/libbootloader_support.a(bootloader_init.c.obj)
                0x000000004083d5e4                bootloader_config_wdt
 .text.bootloader_enable_random
                0x000000004083d6a6       0x2a esp-idf/bootloader_support/libbootloader_support.a(bootloader_init.c.obj)
                0x000000004083d6a6                bootloader_enable_random
 .text.bootloader_print_banner
                0x000000004083d6d0       0x4c esp-idf/bootloader_support/libbootloader_support.a(bootloader_init.c.obj)
                0x000000004083d6d0                bootloader_print_banner
 .text.bootloader_console_init
                0x000000004083d71c       0x3a esp-idf/bootloader_support/libbootloader_support.a(bootloader_console.c.obj)
                0x000000004083d71c                bootloader_console_init
 .text.esp_cpu_configure_region_protection
                0x000000004083d756      0x1cc esp-idf/esp_hw_support/libesp_hw_support.a(cpu_region_protect.c.obj)
                0x000000004083d756                esp_cpu_configure_region_protection
 .text.rtc_clk_init
                0x000000004083d922      0x14a esp-idf/esp_hw_support/libesp_hw_support.a(rtc_clk_init.c.obj)
                0x000000004083d922                rtc_clk_init
 .text.wdt_hal_init
                0x000000004083da6c      0x164 esp-idf/esp_rom/libesp_rom.a(esp_rom_wdt.c.obj)
                0x000000004083da6c                wdt_hal_init
 *(.iram .iram.*)
 *(.fini.literal)
 *(.fini)
 *(.gnu.version)
                0x000000004083dbe0                . = (. + 0x10)
 *fill*         0x000000004083dbd0       0x10 
                0x000000004083dbe0                _text_end = ABSOLUTE (.)
                0x000000004083dbe0                _etext = .
OUTPUT(bootloader.elf elf32-littleriscv)

.rela.dyn       0x000000004083dbe0        0x0
 .rela.text.call_start_cpu0
                0x000000004083dbe0        0x0 esp-idf/bootloader_support/libbootloader_support.a(bootloader_panic.c.obj)
 .rela.text.esp_partition_table_verify
                0x000000004083dbe0        0x0 esp-idf/bootloader_support/libbootloader_support.a(bootloader_panic.c.obj)
 .rela.text.process_segments
                0x000000004083dbe0        0x0 esp-idf/bootloader_support/libbootloader_support.a(bootloader_panic.c.obj)
 .rela.text.bootloader_init
                0x000000004083dbe0        0x0 esp-idf/bootloader_support/libbootloader_support.a(bootloader_panic.c.obj)
 .rela.text.bootloader_common_check_chip_validity
                0x000000004083dbe0        0x0 esp-idf/bootloader_support/libbootloader_support.a(bootloader_panic.c.obj)
 .rela.iram1.1  0x000000004083dbe0        0x0 esp-idf/bootloader_support/libbootloader_support.a(bootloader_panic.c.obj)
 .rela.iram1.0  0x000000004083dbe0        0x0 esp-idf/bootloader_support/libbootloader_support.a(bootloader_panic.c.obj)
 .rela.iram1.6  0x000000004083dbe0        0x0 esp-idf/bootloader_support/libbootloader_support.a(bootloader_panic.c.obj)
 .rela.text.bootloader_flash_update_id
                0x000000004083dbe0        0x0 esp-idf/bootloader_support/libbootloader_support.a(bootloader_panic.c.obj)
 .rela.text.bootloader_init_spi_flash
                0x000000004083dbe0        0x0 esp-idf/bootloader_support/libbootloader_support.a(bootloader_panic.c.obj)
 .rela.text.bootloader_clear_bss_section
                0x000000004083dbe0        0x0 esp-idf/bootloader_support/libbootloader_support.a(bootloader_panic.c.obj)
 .rela.text.bootloader_config_wdt
                0x000000004083dbe0        0x0 esp-idf/bootloader_support/libbootloader_support.a(bootloader_panic.c.obj)
 .rela.text.rtc_clk_init
                0x000000004083dbe0        0x0 esp-idf/bootloader_support/libbootloader_support.a(bootloader_panic.c.obj)
 .rela.text.rtc_clk_cpu_freq_to_8m
                0x000000004083dbe0        0x0 esp-idf/bootloader_support/libbootloader_support.a(bootloader_panic.c.obj)
 .rela.text.rtc_clk_bbpll_configure
                0x000000004083dbe0        0x0 esp-idf/bootloader_support/libbootloader_support.a(bootloader_panic.c.obj)
 .rela.text.rtc_clk_cpu_freq_to_xtal
                0x000000004083dbe0        0x0 esp-idf/bootloader_support/libbootloader_support.a(bootloader_panic.c.obj)
 .rela.text.rtc_clk_cpu_freq_to_pll_mhz
                0x000000004083dbe0        0x0 esp-idf/bootloader_support/libbootloader_support.a(bootloader_panic.c.obj)
 .rela.text.rtc_clk_cpu_freq_to_flash_pll
                0x000000004083dbe0        0x0 esp-idf/bootloader_support/libbootloader_support.a(bootloader_panic.c.obj)
 .rela.text.rtc_clk_32k_enable.part.0
                0x000000004083dbe0        0x0 esp-idf/bootloader_support/libbootloader_support.a(bootloader_panic.c.obj)
 .rela.text.rtc_clk_slow_src_set
                0x000000004083dbe0        0x0 esp-idf/bootloader_support/libbootloader_support.a(bootloader_panic.c.obj)
 .rela.text.rtc_clk_slow_src_get
                0x000000004083dbe0        0x0 esp-idf/bootloader_support/libbootloader_support.a(bootloader_panic.c.obj)
 .rela.text.rtc_clk_fast_src_set
                0x000000004083dbe0        0x0 esp-idf/bootloader_support/libbootloader_support.a(bootloader_panic.c.obj)
 .rela.text.rtc_clk_fast_src_get
                0x000000004083dbe0        0x0 esp-idf/bootloader_support/libbootloader_support.a(bootloader_panic.c.obj)
 .rela.text.rtc_clk_cpu_freq_set_config
                0x000000004083dbe0        0x0 esp-idf/bootloader_support/libbootloader_support.a(bootloader_panic.c.obj)
 .rela.text.rtc_clk_cpu_freq_get_config
                0x000000004083dbe0        0x0 esp-idf/bootloader_support/libbootloader_support.a(bootloader_panic.c.obj)
 .rela.text.rtc_clk_apb_freq_get
                0x000000004083dbe0        0x0 esp-idf/bootloader_support/libbootloader_support.a(bootloader_panic.c.obj)
 .rela.text.wdt_hal_init